../Core/Src/lcd_driver_bsp.c:15:6:LCD_Buffer_Init	8	static
../Core/Src/lcd_driver_bsp.c:19:6:LCD_Set_Pixel	32	static
../Core/Src/lcd_driver_bsp.c:35:6:LCD_Refresh_Display	16	static
../Core/Src/lcd_driver_bsp.c:75:6:Display_On	8	static
../Core/Src/lcd_driver_bsp.c:112:6:Display_Off	8	static
../Core/Src/lcd_driver_bsp.c:145:6:Clear_Display	16	static
../Core/Src/lcd_driver_bsp.c:177:5:Set_Coloumn	16	static
../Core/Src/lcd_driver_bsp.c:238:5:Set_Page	16	static
../Core/Src/lcd_driver_bsp.c:282:6:E_Pulse	8	static
../Core/Src/lcd_driver_bsp.c:292:6:Delay_us	24	static,ignoring_inline_asm
../Core/Src/lcd_driver_bsp.c:305:6:Write_Data_Bits	16	static
../Core/Src/lcd_driver_bsp.c:366:6:Draw_R_Letter	24	static
