../Core/Src/lcd_driver_bsp.c:12:6:LCD_Buffer_Init	8	static
../Core/Src/lcd_driver_bsp.c:16:6:LCD_Set_Pixel	32	static
../Core/Src/lcd_driver_bsp.c:32:6:LCD_Refresh_Display	16	static
../Core/Src/lcd_driver_bsp.c:72:6:Display_On	8	static
../Core/Src/lcd_driver_bsp.c:109:6:Display_Off	8	static
../Core/Src/lcd_driver_bsp.c:142:6:Clear_Display	16	static
../Core/Src/lcd_driver_bsp.c:174:5:Set_Coloumn	16	static
../Core/Src/lcd_driver_bsp.c:235:5:Set_Page	16	static
../Core/Src/lcd_driver_bsp.c:279:6:E_Pulse	8	static
../Core/Src/lcd_driver_bsp.c:289:6:Delay_us	24	static,ignoring_inline_asm
../Core/Src/lcd_driver_bsp.c:302:6:Write_Data_Bits	16	static
../Core/Src/lcd_driver_bsp.c:363:6:Draw_R_Letter	24	static
