../Core/Src/main.c:95:6:WaitForStartCondition	32	static
../Core/Src/main.c:155:5:main	8	static
../Core/Src/main.c:281:6:SystemClock_Config	112	static
../Core/Src/main.c:329:13:MX_ADC_Init	24	static
../Core/Src/main.c:392:13:MX_TIM1_Init	96	static
../Core/Src/main.c:467:13:MX_USART2_UART_Init	8	static
../Core/Src/main.c:500:13:MX_DMA_Init	16	static
../Core/Src/main.c:518:13:MX_GPIO_Init	56	static
../Core/Src/main.c:579:6:HAL_GPIO_EXTI_Callback	16	static
../Core/Src/main.c:599:6:Error_Handler	8	static,ignoring_inline_asm
